// Jest Snapshot v1, https://goo.gl/fbAQLP

exports[`game close diverter on orbit 1`] = `
Object {
  "outputs": Object {
    "centerBank": false,
    "getSkillshot": [Function],
    "iCenter1": "AS",
    "iCenter2": "3S",
    "iCenter3": "QD",
    "iLeft1": "10D",
    "iLeft2": "3D",
    "iLeft3": "AC",
    "iLeft4": "AH",
    "iMini1": "5S",
    "iMini2": "7H",
    "iMini3": "8D",
    "iRight1": "4S",
    "iRight2": "KD",
    "iRight3": "2D",
    "iRight4": "9H",
    "iRight5": "7D",
    "iSS1": "",
    "iSS2": "",
    "iSS3": "",
    "iSS4": "",
    "iSS5": "",
    "iSS6": "",
    "iSS7": "",
    "iSpinner": "",
    "iUpper21": "2H",
    "iUpper22": "6S",
    "iUpper31": "8S",
    "iUpper32": "6D",
    "iUpper33": "QS",
    "kickerEnable": true,
    "lEjectShowCards": Array [],
    "lEjectStartMode": Array [],
    "lLowerRamp": Array [],
    "lMiniReady": Array [
      "Red",
    ],
    "lPower1": Array [
      "Orange",
    ],
    "lPower2": Array [],
    "lPower3": Array [],
    "lPower4": Array [],
    "lRampArrow": Array [],
    "lRampShowCards": Array [],
    "lRampStartMb": Array [],
    "lShooterShowCards": Array [],
    "lShooterStartHand": Array [],
    "leftBank": false,
    "leftGate": false,
    "leftMagnet": false,
    "lockPost": false,
    "magnetPost": false,
    "miniBank": false,
    "miniDiverter": false,
    "miniEject": false,
    "outhole": false,
    "popper": false,
    "rampUp": true,
    "realRightBank": false,
    "right1": false,
    "right2": false,
    "right3": false,
    "right4": false,
    "right5": false,
    "rightBank": false,
    "rightGate": false,
    "shooterDiverter": true,
    "troughRelease": false,
    "upper2": false,
    "upper3": false,
    "upperEject": false,
    "upperMagnet": true,
  },
  "state": Object {
    "children": Array [
      Object {
        "children": Array [],
        "name": "DropBank11",
        "state": Object {},
      },
      Object {
        "children": Array [],
        "name": "DropBank12",
        "state": Object {},
      },
      Object {
        "children": Array [],
        "name": "DropBank13",
        "state": Object {},
      },
      Object {
        "children": Array [],
        "name": "DropBank14",
        "state": Object {},
      },
      Object {
        "children": Array [],
        "name": "DropBank15",
        "state": Object {},
      },
      Object {
        "children": Array [],
        "name": "DropBank16",
        "state": Object {},
      },
      Object {
        "children": Array [
          Object {
            "children": Array [],
            "name": "EosPulse18",
            "state": Object {},
          },
        ],
        "name": "MachineOverrides17",
        "state": Object {},
      },
      Object {
        "children": Array [
          Object {
            "children": Array [
              Object {
                "children": Array [],
                "name": "ClearHoles21",
                "state": Object {},
              },
              Object {
                "children": Array [],
                "name": "Poker22",
                "state": Object {
                  "bet": 100,
                  "closeShooter": false,
                  "dealerCardsUsed": Array [],
                  "dealerHand": Array [
                    Object {
                      "flipped": true,
                      "num": 2,
                      "suit": "s",
                    },
                    Object {
                      "flipped": true,
                      "num": 13,
                      "suit": "s",
                    },
                    null,
                    null,
                    null,
                    null,
                    null,
                  ],
                  "newMbs": Array [],
                  "newModes": Array [],
                  "playerCardsUsed": Array [],
                  "playerHand": Array [
                    Object {
                      "num": 2,
                      "suit": "c",
                    },
                    Object {
                      "num": 9,
                      "suit": "c",
                    },
                    null,
                    null,
                    null,
                    null,
                    null,
                  ],
                  "playerWins": undefined,
                  "pot": 0,
                  "slots": Array [
                    Object {
                      "num": 1,
                      "suit": "s",
                    },
                    Object {
                      "num": 3,
                      "suit": "s",
                    },
                    Object {
                      "num": 12,
                      "suit": "d",
                    },
                    Object {
                      "num": 4,
                      "suit": "s",
                    },
                    Object {
                      "num": 13,
                      "suit": "d",
                    },
                    Object {
                      "num": 2,
                      "suit": "d",
                    },
                    Object {
                      "num": 9,
                      "suit": "h",
                    },
                    Object {
                      "num": 7,
                      "suit": "d",
                    },
                    Object {
                      "num": 10,
                      "suit": "d",
                    },
                    Object {
                      "num": 3,
                      "suit": "d",
                    },
                    Object {
                      "num": 1,
                      "suit": "c",
                    },
                    Object {
                      "num": 1,
                      "suit": "h",
                    },
                    Object {
                      "num": 2,
                      "suit": "h",
                    },
                    Object {
                      "num": 6,
                      "suit": "s",
                    },
                    Object {
                      "num": 8,
                      "suit": "s",
                    },
                    Object {
                      "num": 6,
                      "suit": "d",
                    },
                    Object {
                      "num": 12,
                      "suit": "s",
                    },
                    Object {
                      "num": 5,
                      "suit": "s",
                    },
                    Object {
                      "num": 7,
                      "suit": "h",
                    },
                    Object {
                      "num": 8,
                      "suit": "d",
                    },
                  ],
                  "step": 2,
                },
              },
              Object {
                "children": Array [],
                "name": "Spinner23",
                "state": Object {
                  "comboMult": 1,
                  "rounds": 0,
                  "score": 10,
                },
              },
              Object {
                "children": Array [],
                "name": "PlayerOverrides24",
                "state": Object {},
              },
              Object {
                "children": Array [
                  Object {
                    "children": Array [
                      Object {
                        "children": Array [],
                        "name": "DropBankResetter27",
                        "state": Object {},
                      },
                      Object {
                        "children": Array [],
                        "name": "DropBankResetter28",
                        "state": Object {},
                      },
                      Object {
                        "children": Array [],
                        "name": "DropBankResetter29",
                        "state": Object {},
                      },
                      Object {
                        "children": Array [],
                        "name": "DropBankResetter30",
                        "state": Object {},
                      },
                      Object {
                        "children": Array [],
                        "name": "DropBankResetter31",
                        "state": Object {},
                      },
                      Object {
                        "children": Array [],
                        "name": "DropBankResetter32",
                        "state": Object {},
                      },
                    ],
                    "name": "ResetAnyDropOnComplete26",
                    "state": Object {},
                  },
                ],
                "name": "Ball25",
                "state": Object {},
              },
            ],
            "name": "Player20",
            "state": Object {
              "chips": 1,
              "closeShooter": false,
              "curMbMode": undefined,
              "lowerRampLit": false,
              "mbsQualified": Array [],
              "miniReady": false,
              "modesQualified": Array [],
              "poker": "Poker22",
              "rampUp": true,
              "score": 12020,
            },
          },
        ],
        "name": "Game19",
        "state": Object {
          "ballNum": 1,
        },
      },
    ],
    "name": "Machine10",
    "state": Object {
      "lastSwitchHit": Switch {
        "_state": false,
        "column": 5,
        "lastChange": 15763,
        "lastClosed": 15497,
        "lastOpened": 15763,
        "minOffTime": 10,
        "minOnTime": 1,
        "name": "right inlane",
        "row": 0,
      },
      "lockDown": false,
      "miniDown": false,
    },
  },
}
`;
