// Jest Snapshot v1, https://goo.gl/fbAQLP

exports[`recordings play test 1`] = `
Object {
  "outputs": Object {
    "centerBank": true,
    "getSkillshot": [Function],
    "iCenter1": "",
    "iCenter2": "greenArrow",
    "iCenter3": "greenArrow",
    "iLeft1": "blueArrow",
    "iLeft2": "redArrow",
    "iLeft3": "",
    "iLeft4": "",
    "iMini1": "",
    "iMini2": "",
    "iMini3": "",
    "iRight1": "redArrow",
    "iRight2": "",
    "iRight3": "",
    "iRight4": "",
    "iRight5": "",
    "iSS1": "",
    "iSS2": "",
    "iSS3": "",
    "iSS4": "",
    "iSS5": "",
    "iSS6": "",
    "iSpinner": "",
    "iUpper21": "",
    "iUpper22": "greenArrow",
    "iUpper31": "",
    "iUpper32": "",
    "iUpper33": "greenArrow",
    "ignoreSkillsot": Set {},
    "kickerEnable": true,
    "lEjectArrow": Array [],
    "lEjectShowCards": Array [
      "White",
    ],
    "lEjectStartMode": Array [],
    "lFold": Array [],
    "lLaneUpper1": Array [
      "Orange",
    ],
    "lLaneUpper2": Array [
      "Orange",
    ],
    "lLaneUpper3": Array [
      "Orange",
    ],
    "lLaneUpper4": Array [
      "Orange",
    ],
    "lLeftArrow": Array [],
    "lLowerRamp": Array [],
    "lMagnet1": Array [
      "Green",
    ],
    "lMagnet2": Array [
      "Green",
    ],
    "lMagnet3": Array [],
    "lMagnet4": Array [],
    "lMainTargetArrow": Array [],
    "lMiniReady": Array [
      "Red",
    ],
    "lPopperStatus": Array [
      "Green",
    ],
    "lPower1": Array [
      "Orange",
    ],
    "lPower2": Array [
      "Orange",
    ],
    "lPower3": Array [],
    "lPower4": Array [],
    "lRampArrow": Array [],
    "lRampMini": Array [
      "Orange",
    ],
    "lRampShowCards": Array [
      "White",
    ],
    "lRampStartMb": Array [
      Array [
        "Blue",
        "fl",
      ],
    ],
    "lShootAgain": Array [],
    "lShooterLaneArrow": Array [],
    "lShooterShowCards": Array [
      "White",
    ],
    "lShooterStartHand": Array [
      Array [
        "Green",
        "fl",
      ],
    ],
    "lSideShotArrow": Array [],
    "lSideTargetArrow": Array [],
    "lSpinnerArrow": Array [],
    "lUpperLaneArrow": Array [],
    "lUpperTargetArrow": Array [],
    "leftBank": true,
    "leftGate": false,
    "leftMagnet": false,
    "lockPost": false,
    "magnetPost": false,
    "miniBank": false,
    "miniDiverter": false,
    "miniEject": false,
    "miniFlipperEnable": true,
    "outhole": false,
    "popper": false,
    "rampUp": false,
    "realRightBank": false,
    "right1": false,
    "right2": false,
    "right3": false,
    "right4": false,
    "right5": false,
    "rightBank": false,
    "rightGate": true,
    "shooterDiverter": true,
    "spinnerValue": undefined,
    "troughRelease": false,
    "upper2": false,
    "upper3": false,
    "upperEject": false,
    "upperMagnet": false,
  },
  "state": Object {
    "_name": "Machine19",
    "children": Array [
      Object {
        "_name": "DropBank20",
        "children": Array [],
        "name": "DropBank20",
        "ownOuts": undefined,
        "state": Object {},
      },
      Object {
        "_name": "DropBank21",
        "children": Array [],
        "name": "DropBank21",
        "ownOuts": undefined,
        "state": Object {},
      },
      Object {
        "_name": "DropBank22",
        "children": Array [],
        "name": "DropBank22",
        "ownOuts": undefined,
        "state": Object {},
      },
      Object {
        "_name": "DropBank23",
        "children": Array [],
        "name": "DropBank23",
        "ownOuts": undefined,
        "state": Object {},
      },
      Object {
        "_name": "DropBank24",
        "children": Array [],
        "name": "DropBank24",
        "ownOuts": undefined,
        "state": Object {},
      },
      Object {
        "_name": "DropBank25",
        "children": Array [],
        "name": "DropBank25",
        "ownOuts": undefined,
        "state": Object {},
      },
      Object {
        "_name": "Game29",
        "children": Array [
          Object {
            "_name": "Player30",
            "children": Array [
              Object {
                "_name": "ClearHoles31",
                "children": Array [],
                "name": "ClearHoles31",
                "ownOuts": Object {
                  "miniEject": false,
                  "outhole": false,
                  "upperEject": false,
                },
                "state": Object {},
              },
              Object {
                "_name": "Ball35",
                "children": Array [
                  Object {
                    "_name": "ResetAnyDropOnComplete36",
                    "children": Array [
                      Object {
                        "_name": "DropBankResetter37",
                        "children": Array [],
                        "name": "DropBankResetter37",
                        "ownOuts": Object {
                          "upper3": false,
                        },
                        "state": Object {},
                      },
                      Object {
                        "_name": "DropBankResetter38",
                        "children": Array [],
                        "name": "DropBankResetter38",
                        "ownOuts": Object {
                          "upper2": false,
                        },
                        "state": Object {},
                      },
                      Object {
                        "_name": "DropBankResetter39",
                        "children": Array [],
                        "name": "DropBankResetter39",
                        "ownOuts": Object {
                          "centerBank": false,
                        },
                        "state": Object {},
                      },
                      Object {
                        "_name": "DropBankResetter40",
                        "children": Array [],
                        "name": "DropBankResetter40",
                        "ownOuts": Object {
                          "miniBank": false,
                        },
                        "state": Object {},
                      },
                      Object {
                        "_name": "DropBankResetter41",
                        "children": Array [],
                        "name": "DropBankResetter41",
                        "ownOuts": Object {
                          "leftBank": false,
                        },
                        "state": Object {},
                      },
                      Object {
                        "_name": "DropBankResetter42",
                        "children": Array [],
                        "name": "DropBankResetter42",
                        "ownOuts": Object {
                          "rightBank": false,
                        },
                        "state": Object {},
                      },
                    ],
                    "name": "ResetAnyDropOnComplete36",
                    "ownOuts": undefined,
                    "state": Object {},
                  },
                ],
                "name": "Ball35",
                "ownOuts": Object {
                  "kickerEnable": true,
                  "lShootAgain": Array [],
                  "miniFlipperEnable": true,
                },
                "state": Object {
                  "drained": false,
                  "shootAgain": false,
                  "skillshot": undefined,
                  "tilted": false,
                },
              },
              Object {
                "_name": "Spinner32",
                "children": Array [],
                "name": "Spinner32",
                "ownOuts": Object {
                  "iSpinner": undefined,
                  "leftGate": false,
                },
                "state": Object {
                  "comboMult": 1,
                  "rounds": 0,
                  "score": 300,
                },
              },
              Object {
                "_name": "LeftOrbit33",
                "children": Array [],
                "name": "LeftOrbit33",
                "ownOuts": Object {
                  "rightGate": true,
                },
                "state": Object {
                  "comboMult": 1,
                  "rounds": 1,
                  "score": 20000,
                },
              },
              Object {
                "_name": "Poker43",
                "children": Array [
                  Object {
                    "_name": "MiscAwards44",
                    "children": Array [],
                    "name": "MiscAwards44",
                    "ownOuts": Object {
                      "iCenter1": undefined,
                      "iCenter2": "greenArrow",
                      "iCenter3": "greenArrow",
                      "iLeft1": "blueArrow",
                      "iLeft2": "redArrow",
                      "iLeft3": undefined,
                      "iLeft4": undefined,
                      "iRight1": "redArrow",
                      "iRight2": undefined,
                      "iRight3": undefined,
                      "iRight4": undefined,
                      "iRight5": undefined,
                      "iUpper21": undefined,
                      "iUpper22": "greenArrow",
                      "iUpper31": undefined,
                      "iUpper32": undefined,
                      "iUpper33": "greenArrow",
                      "spinnerValue": undefined,
                    },
                    "state": Object {
                      "spinnerValue": undefined,
                      "targets": Array [
                        Array [
                          Object {
                            "bank": DropBank {
                              "coil": IncreaseSolenoid {
                                "actual": false,
                                "board": Solenoid16 {
                                  "board": 0,
                                },
                                "changeAttempts": 1,
                                "debounce": 5,
                                "fake": [Function],
                                "i": 2,
                                "id": 185,
                                "initial": 40,
                                "lastActualChange": undefined,
                                "lastFired": 29726,
                                "lastPendingChange": 29556,
                                "lastValChange": 29561,
                                "max": 100,
                                "ms": 40,
                                "name": "leftBank",
                                "num": 7,
                                "onFire": [Function],
                                "pending": true,
                                "resetPeriod": 2000,
                                "steps": 3,
                                "timer": Object {
                                  "context": "delayed retry set leftBank to true",
                                  "func": [Function],
                                  "time": 30769,
                                },
                                "val": true,
                                "wait": 1000,
                              },
                              "ended": false,
                              "gPriority": undefined,
                              "lastChildren": Array [],
                              "listeners": Array [
                                Object {
                                  "callback": "onAllDown",
                                  "num": 343,
                                  "predicates": Array [
                                    [Function],
                                  ],
                                  "source": "",
                                },
                                Object {
                                  "callback": "onEnd",
                                  "num": 344,
                                  "predicates": Array [
                                    [Function],
                                  ],
                                  "source": "",
                                },
                                Object {
                                  "callback": "onEnding",
                                  "num": 345,
                                  "predicates": Array [
                                    [Function],
                                  ],
                                  "source": "",
                                },
                                Object {
                                  "callback": "onTargetDown",
                                  "num": 346,
                                  "predicates": Array [
                                    [Function],
                                  ],
                                  "source": "",
                                },
                                Object {
                                  "callback": [Function],
                                  "num": 347,
                                  "predicates": Array [
                                    [Function],
                                    [Function],
                                  ],
                                  "source": "",
                                },
                                Object {
                                  "callback": [Function],
                                  "num": 348,
                                  "predicates": Array [
                                    [Function],
                                  ],
                                  "source": "",
                                },
                              ],
                              "num": 24,
                              "onEnding": [Function],
                              "switches": Array [
                                Switch {
                                  "_state": true,
                                  "column": 1,
                                  "lastChange": 6150,
                                  "lastClosed": 6150,
                                  "lastOpened": undefined,
                                  "minOffTime": 150,
                                  "minOnTime": 10,
                                  "name": "left 1",
                                  "row": 3,
                                },
                                Switch {
                                  "_state": true,
                                  "column": 2,
                                  "lastChange": 9920,
                                  "lastClosed": 9920,
                                  "lastOpened": undefined,
                                  "minOffTime": 150,
                                  "minOnTime": 10,
                                  "name": "left 2",
                                  "row": 3,
                                },
                                Switch {
                                  "_state": false,
                                  "column": 3,
                                  "lastChange": 0,
                                  "lastClosed": undefined,
                                  "lastOpened": undefined,
                                  "minOffTime": 150,
                                  "minOnTime": 10,
                                  "name": "left 3",
                                  "row": 3,
                                },
                                Switch {
                                  "_state": false,
                                  "column": 5,
                                  "lastChange": 0,
                                  "lastClosed": undefined,
                                  "lastOpened": undefined,
                                  "minOffTime": 150,
                                  "minOnTime": 10,
                                  "name": "left 4",
                                  "row": 3,
                                },
                              ],
                              "targets": Array [
                                [Circular],
                                Object {
                                  "bank": [Circular],
                                  "image": Image {
                                    "actual": "redArrow",
                                    "changeAttempts": 3,
                                    "debounce": 5,
                                    "id": 260,
                                    "lastActualChange": 9925,
                                    "lastPendingChange": 9920,
                                    "lastValChange": 9925,
                                    "name": "iLeft2",
                                    "pending": "redArrow",
                                    "val": "redArrow",
                                  },
                                  "num": 9,
                                  "state": true,
                                  "switch": Switch {
                                    "_state": true,
                                    "column": 2,
                                    "lastChange": 9920,
                                    "lastClosed": 9920,
                                    "lastOpened": undefined,
                                    "minOffTime": 150,
                                    "minOnTime": 10,
                                    "name": "left 2",
                                    "row": 3,
                                  },
                                },
                                Object {
                                  "bank": [Circular],
                                  "image": Image {
                                    "actual": "",
                                    "changeAttempts": 2,
                                    "debounce": 5,
                                    "id": 261,
                                    "lastActualChange": 29561,
                                    "lastPendingChange": 29556,
                                    "lastValChange": 29561,
                                    "name": "iLeft3",
                                    "pending": "",
                                    "val": "",
                                  },
                                  "num": 10,
                                  "state": false,
                                  "switch": Switch {
                                    "_state": false,
                                    "column": 3,
                                    "lastChange": 0,
                                    "lastClosed": undefined,
                                    "lastOpened": undefined,
                                    "minOffTime": 150,
                                    "minOnTime": 10,
                                    "name": "left 3",
                                    "row": 3,
                                  },
                                },
                                Object {
                                  "bank": [Circular],
                                  "image": Image {
                                    "actual": "",
                                    "changeAttempts": 2,
                                    "debounce": 5,
                                    "id": 262,
                                    "lastActualChange": 29561,
                                    "lastPendingChange": 29556,
                                    "lastValChange": 29561,
                                    "name": "iLeft4",
                                    "pending": "",
                                    "val": "",
                                  },
                                  "num": 11,
                                  "state": false,
                                  "switch": Switch {
                                    "_state": false,
                                    "column": 5,
                                    "lastChange": 0,
                                    "lastClosed": undefined,
                                    "lastOpened": undefined,
                                    "minOffTime": 150,
                                    "minOnTime": 10,
                                    "name": "left 4",
                                    "row": 3,
                                  },
                                },
                              ],
                              "tempNodes": Array [],
                            },
                            "image": Image {
                              "actual": "blueArrow",
                              "changeAttempts": 3,
                              "debounce": 5,
                              "id": 259,
                              "lastActualChange": 6155,
                              "lastPendingChange": 6150,
                              "lastValChange": 6155,
                              "name": "iLeft1",
                              "pending": "blueArrow",
                              "val": "blueArrow",
                            },
                            "num": 8,
                            "state": true,
                            "switch": Switch {
                              "_state": true,
                              "column": 1,
                              "lastChange": 6150,
                              "lastClosed": 6150,
                              "lastOpened": undefined,
                              "minOffTime": 150,
                              "minOnTime": 10,
                              "name": "left 1",
                              "row": 3,
                            },
                          },
                          "blueArrow",
                        ],
                        Array [
                          Object {
                            "bank": DropBank {
                              "coil": MomentarySolenoid {
                                "actual": false,
                                "board": Solenoid16 {
                                  "board": 2,
                                },
                                "changeAttempts": 0,
                                "debounce": 5,
                                "fake": undefined,
                                "id": 199,
                                "lastActualChange": undefined,
                                "ms": 25,
                                "name": "rightBank",
                                "num": -1,
                                "onFire": [Function],
                                "pending": false,
                                "val": false,
                                "wait": 1000,
                              },
                              "ended": false,
                              "gPriority": undefined,
                              "lastChildren": Array [],
                              "listeners": Array [
                                Object {
                                  "callback": "onAllDown",
                                  "num": 349,
                                  "predicates": Array [
                                    [Function],
                                  ],
                                  "source": "",
                                },
                                Object {
                                  "callback": "onEnd",
                                  "num": 350,
                                  "predicates": Array [
                                    [Function],
                                  ],
                                  "source": "",
                                },
                                Object {
                                  "callback": "onEnding",
                                  "num": 351,
                                  "predicates": Array [
                                    [Function],
                                  ],
                                  "source": "",
                                },
                                Object {
                                  "callback": "onTargetDown",
                                  "num": 352,
                                  "predicates": Array [
                                    [Function],
                                  ],
                                  "source": "",
                                },
                                Object {
                                  "callback": [Function],
                                  "num": 353,
                                  "predicates": Array [
                                    [Function],
                                    [Function],
                                  ],
                                  "source": "",
                                },
                                Object {
                                  "callback": [Function],
                                  "num": 354,
                                  "predicates": Array [
                                    [Function],
                                  ],
                                  "source": "",
                                },
                              ],
                              "num": 25,
                              "onEnding": [Function],
                              "switches": Array [
                                Switch {
                                  "_state": true,
                                  "column": 5,
                                  "lastChange": 7752,
                                  "lastClosed": 7752,
                                  "lastOpened": undefined,
                                  "minOffTime": 150,
                                  "minOnTime": 10,
                                  "name": "right 1",
                                  "row": 2,
                                },
                                Switch {
                                  "_state": true,
                                  "column": 4,
                                  "lastChange": 29905,
                                  "lastClosed": 29905,
                                  "lastOpened": undefined,
                                  "minOffTime": 150,
                                  "minOnTime": 10,
                                  "name": "right 2",
                                  "row": 2,
                                },
                                Switch {
                                  "_state": true,
                                  "column": 3,
                                  "lastChange": 30053,
                                  "lastClosed": 30053,
                                  "lastOpened": undefined,
                                  "minOffTime": 150,
                                  "minOnTime": 10,
                                  "name": "right 3",
                                  "row": 2,
                                },
                                Switch {
                                  "_state": false,
                                  "column": 2,
                                  "lastChange": 0,
                                  "lastClosed": undefined,
                                  "lastOpened": undefined,
                                  "minOffTime": 150,
                                  "minOnTime": 10,
                                  "name": "right 4",
                                  "row": 2,
                                },
                                Switch {
                                  "_state": false,
                                  "column": 1,
                                  "lastChange": 0,
                                  "lastClosed": undefined,
                                  "lastOpened": undefined,
                                  "minOffTime": 150,
                                  "minOnTime": 10,
                                  "name": "right 5",
                                  "row": 2,
                                },
                              ],
                              "targets": Array [
                                [Circular],
                                Object {
                                  "bank": [Circular],
                                  "image": Image {
                                    "actual": "",
                                    "changeAttempts": 2,
                                    "debounce": 5,
                                    "id": 264,
                                    "lastActualChange": 29561,
                                    "lastPendingChange": 29556,
                                    "lastValChange": 29561,
                                    "name": "iRight2",
                                    "pending": "",
                                    "val": "",
                                  },
                                  "num": 4,
                                  "state": true,
                                  "switch": Switch {
                                    "_state": true,
                                    "column": 4,
                                    "lastChange": 29905,
                                    "lastClosed": 29905,
                                    "lastOpened": undefined,
                                    "minOffTime": 150,
                                    "minOnTime": 10,
                                    "name": "right 2",
                                    "row": 2,
                                  },
                                },
                                Object {
                                  "bank": [Circular],
                                  "image": Image {
                                    "actual": "",
                                    "changeAttempts": 2,
                                    "debounce": 5,
                                    "id": 265,
                                    "lastActualChange": 29561,
                                    "lastPendingChange": 29556,
                                    "lastValChange": 29561,
                                    "name": "iRight3",
                                    "pending": "",
                                    "val": "",
                                  },
                                  "num": 5,
                                  "state": true,
                                  "switch": Switch {
                                    "_state": true,
                                    "column": 3,
                                    "lastChange": 30053,
                                    "lastClosed": 30053,
                                    "lastOpened": undefined,
                                    "minOffTime": 150,
                                    "minOnTime": 10,
                                    "name": "right 3",
                                    "row": 2,
                                  },
                                },
                                Object {
                                  "bank": [Circular],
                                  "image": Image {
                                    "actual": "",
                                    "changeAttempts": 2,
                                    "debounce": 5,
                                    "id": 266,
                                    "lastActualChange": 29561,
                                    "lastPendingChange": 29556,
                                    "lastValChange": 29561,
                                    "name": "iRight4",
                                    "pending": "",
                                    "val": "",
                                  },
                                  "num": 6,
                                  "state": false,
                                  "switch": Switch {
                                    "_state": false,
                                    "column": 2,
                                    "lastChange": 0,
                                    "lastClosed": undefined,
                                    "lastOpened": undefined,
                                    "minOffTime": 150,
                                    "minOnTime": 10,
                                    "name": "right 4",
                                    "row": 2,
                                  },
                                },
                                Object {
                                  "bank": [Circular],
                                  "image": Image {
                                    "actual": "",
                                    "changeAttempts": 2,
                                    "debounce": 5,
                                    "id": 267,
                                    "lastActualChange": 29561,
                                    "lastPendingChange": 29556,
                                    "lastValChange": 29561,
                                    "name": "iRight5",
                                    "pending": "",
                                    "val": "",
                                  },
                                  "num": 7,
                                  "state": false,
                                  "switch": Switch {
                                    "_state": false,
                                    "column": 1,
                                    "lastChange": 0,
                                    "lastClosed": undefined,
                                    "lastOpened": undefined,
                                    "minOffTime": 150,
                                    "minOnTime": 10,
                                    "name": "right 5",
                                    "row": 2,
                                  },
                                },
                              ],
                              "tempNodes": Array [],
                            },
                            "image": Image {
                              "actual": "redArrow",
                              "changeAttempts": 3,
                              "debounce": 5,
                              "id": 263,
                              "lastActualChange": 7757,
                              "lastPendingChange": 7752,
                              "lastValChange": 7757,
                              "name": "iRight1",
                              "pending": "redArrow",
                              "val": "redArrow",
                            },
                            "num": 3,
                            "state": true,
                            "switch": Switch {
                              "_state": true,
                              "column": 5,
                              "lastChange": 7752,
                              "lastClosed": 7752,
                              "lastOpened": undefined,
                              "minOffTime": 150,
                              "minOnTime": 10,
                              "name": "right 1",
                              "row": 2,
                            },
                          },
                          "redArrow",
                        ],
                        Array [
                          Object {
                            "bank": DropBank {
                              "coil": IncreaseSolenoid {
                                "actual": false,
                                "board": Solenoid16 {
                                  "board": 0,
                                },
                                "changeAttempts": 1,
                                "debounce": 5,
                                "fake": [Function],
                                "i": 2,
                                "id": 185,
                                "initial": 40,
                                "lastActualChange": undefined,
                                "lastFired": 29726,
                                "lastPendingChange": 29556,
                                "lastValChange": 29561,
                                "max": 100,
                                "ms": 40,
                                "name": "leftBank",
                                "num": 7,
                                "onFire": [Function],
                                "pending": true,
                                "resetPeriod": 2000,
                                "steps": 3,
                                "timer": Object {
                                  "context": "delayed retry set leftBank to true",
                                  "func": [Function],
                                  "time": 30769,
                                },
                                "val": true,
                                "wait": 1000,
                              },
                              "ended": false,
                              "gPriority": undefined,
                              "lastChildren": Array [],
                              "listeners": Array [
                                Object {
                                  "callback": "onAllDown",
                                  "num": 343,
                                  "predicates": Array [
                                    [Function],
                                  ],
                                  "source": "",
                                },
                                Object {
                                  "callback": "onEnd",
                                  "num": 344,
                                  "predicates": Array [
                                    [Function],
                                  ],
                                  "source": "",
                                },
                                Object {
                                  "callback": "onEnding",
                                  "num": 345,
                                  "predicates": Array [
                                    [Function],
                                  ],
                                  "source": "",
                                },
                                Object {
                                  "callback": "onTargetDown",
                                  "num": 346,
                                  "predicates": Array [
                                    [Function],
                                  ],
                                  "source": "",
                                },
                                Object {
                                  "callback": [Function],
                                  "num": 347,
                                  "predicates": Array [
                                    [Function],
                                    [Function],
                                  ],
                                  "source": "",
                                },
                                Object {
                                  "callback": [Function],
                                  "num": 348,
                                  "predicates": Array [
                                    [Function],
                                  ],
                                  "source": "",
                                },
                              ],
                              "num": 24,
                              "onEnding": [Function],
                              "switches": Array [
                                Switch {
                                  "_state": true,
                                  "column": 1,
                                  "lastChange": 6150,
                                  "lastClosed": 6150,
                                  "lastOpened": undefined,
                                  "minOffTime": 150,
                                  "minOnTime": 10,
                                  "name": "left 1",
                                  "row": 3,
                                },
                                Switch {
                                  "_state": true,
                                  "column": 2,
                                  "lastChange": 9920,
                                  "lastClosed": 9920,
                                  "lastOpened": undefined,
                                  "minOffTime": 150,
                                  "minOnTime": 10,
                                  "name": "left 2",
                                  "row": 3,
                                },
                                Switch {
                                  "_state": false,
                                  "column": 3,
                                  "lastChange": 0,
                                  "lastClosed": undefined,
                                  "lastOpened": undefined,
                                  "minOffTime": 150,
                                  "minOnTime": 10,
                                  "name": "left 3",
                                  "row": 3,
                                },
                                Switch {
                                  "_state": false,
                                  "column": 5,
                                  "lastChange": 0,
                                  "lastClosed": undefined,
                                  "lastOpened": undefined,
                                  "minOffTime": 150,
                                  "minOnTime": 10,
                                  "name": "left 4",
                                  "row": 3,
                                },
                              ],
                              "targets": Array [
                                Object {
                                  "bank": [Circular],
                                  "image": Image {
                                    "actual": "blueArrow",
                                    "changeAttempts": 3,
                                    "debounce": 5,
                                    "id": 259,
                                    "lastActualChange": 6155,
                                    "lastPendingChange": 6150,
                                    "lastValChange": 6155,
                                    "name": "iLeft1",
                                    "pending": "blueArrow",
                                    "val": "blueArrow",
                                  },
                                  "num": 8,
                                  "state": true,
                                  "switch": Switch {
                                    "_state": true,
                                    "column": 1,
                                    "lastChange": 6150,
                                    "lastClosed": 6150,
                                    "lastOpened": undefined,
                                    "minOffTime": 150,
                                    "minOnTime": 10,
                                    "name": "left 1",
                                    "row": 3,
                                  },
                                },
                                [Circular],
                                Object {
                                  "bank": [Circular],
                                  "image": Image {
                                    "actual": "",
                                    "changeAttempts": 2,
                                    "debounce": 5,
                                    "id": 261,
                                    "lastActualChange": 29561,
                                    "lastPendingChange": 29556,
                                    "lastValChange": 29561,
                                    "name": "iLeft3",
                                    "pending": "",
                                    "val": "",
                                  },
                                  "num": 10,
                                  "state": false,
                                  "switch": Switch {
                                    "_state": false,
                                    "column": 3,
                                    "lastChange": 0,
                                    "lastClosed": undefined,
                                    "lastOpened": undefined,
                                    "minOffTime": 150,
                                    "minOnTime": 10,
                                    "name": "left 3",
                                    "row": 3,
                                  },
                                },
                                Object {
                                  "bank": [Circular],
                                  "image": Image {
                                    "actual": "",
                                    "changeAttempts": 2,
                                    "debounce": 5,
                                    "id": 262,
                                    "lastActualChange": 29561,
                                    "lastPendingChange": 29556,
                                    "lastValChange": 29561,
                                    "name": "iLeft4",
                                    "pending": "",
                                    "val": "",
                                  },
                                  "num": 11,
                                  "state": false,
                                  "switch": Switch {
                                    "_state": false,
                                    "column": 5,
                                    "lastChange": 0,
                                    "lastClosed": undefined,
                                    "lastOpened": undefined,
                                    "minOffTime": 150,
                                    "minOnTime": 10,
                                    "name": "left 4",
                                    "row": 3,
                                  },
                                },
                              ],
                              "tempNodes": Array [],
                            },
                            "image": Image {
                              "actual": "redArrow",
                              "changeAttempts": 3,
                              "debounce": 5,
                              "id": 260,
                              "lastActualChange": 9925,
                              "lastPendingChange": 9920,
                              "lastValChange": 9925,
                              "name": "iLeft2",
                              "pending": "redArrow",
                              "val": "redArrow",
                            },
                            "num": 9,
                            "state": true,
                            "switch": Switch {
                              "_state": true,
                              "column": 2,
                              "lastChange": 9920,
                              "lastClosed": 9920,
                              "lastOpened": undefined,
                              "minOffTime": 150,
                              "minOnTime": 10,
                              "name": "left 2",
                              "row": 3,
                            },
                          },
                          "redArrow",
                        ],
                        Array [
                          Object {
                            "bank": DropBank {
                              "coil": IncreaseSolenoid {
                                "actual": false,
                                "board": Solenoid16 {
                                  "board": 0,
                                },
                                "changeAttempts": 1,
                                "debounce": 5,
                                "fake": [Function],
                                "i": 1,
                                "id": 186,
                                "initial": 60,
                                "lastActualChange": undefined,
                                "lastFired": 29561,
                                "lastPendingChange": 29556,
                                "lastValChange": 29561,
                                "max": 100,
                                "ms": 60,
                                "name": "centerBank",
                                "num": 8,
                                "onFire": [Function],
                                "pending": true,
                                "resetPeriod": 2000,
                                "steps": 3,
                                "timer": Object {
                                  "context": "delayed retry set centerBank to true",
                                  "func": [Function],
                                  "time": 30624,
                                },
                                "val": true,
                                "wait": 1000,
                              },
                              "ended": false,
                              "gPriority": undefined,
                              "lastChildren": Array [],
                              "listeners": Array [
                                Object {
                                  "callback": "onAllDown",
                                  "num": 331,
                                  "predicates": Array [
                                    [Function],
                                  ],
                                  "source": "",
                                },
                                Object {
                                  "callback": "onEnd",
                                  "num": 332,
                                  "predicates": Array [
                                    [Function],
                                  ],
                                  "source": "",
                                },
                                Object {
                                  "callback": "onEnding",
                                  "num": 333,
                                  "predicates": Array [
                                    [Function],
                                  ],
                                  "source": "",
                                },
                                Object {
                                  "callback": "onTargetDown",
                                  "num": 334,
                                  "predicates": Array [
                                    [Function],
                                  ],
                                  "source": "",
                                },
                                Object {
                                  "callback": [Function],
                                  "num": 335,
                                  "predicates": Array [
                                    [Function],
                                    [Function],
                                  ],
                                  "source": "",
                                },
                                Object {
                                  "callback": [Function],
                                  "num": 336,
                                  "predicates": Array [
                                    [Function],
                                  ],
                                  "source": "",
                                },
                              ],
                              "num": 22,
                              "onEnding": [Function],
                              "switches": Array [
                                Switch {
                                  "_state": false,
                                  "column": 3,
                                  "lastChange": 0,
                                  "lastClosed": undefined,
                                  "lastOpened": undefined,
                                  "minOffTime": 150,
                                  "minOnTime": 10,
                                  "name": "center left",
                                  "row": 4,
                                },
                                Switch {
                                  "_state": true,
                                  "column": 2,
                                  "lastChange": 29556,
                                  "lastClosed": 29556,
                                  "lastOpened": undefined,
                                  "minOffTime": 150,
                                  "minOnTime": 10,
                                  "name": "center center",
                                  "row": 4,
                                },
                                Switch {
                                  "_state": true,
                                  "column": 1,
                                  "lastChange": 28122,
                                  "lastClosed": 28122,
                                  "lastOpened": undefined,
                                  "minOffTime": 150,
                                  "minOnTime": 10,
                                  "name": "center right",
                                  "row": 4,
                                },
                              ],
                              "targets": Array [
                                Object {
                                  "bank": [Circular],
                                  "image": Image {
                                    "actual": "",
                                    "changeAttempts": 2,
                                    "debounce": 5,
                                    "id": 253,
                                    "lastActualChange": 29561,
                                    "lastPendingChange": 29556,
                                    "lastValChange": 29561,
                                    "name": "iCenter1",
                                    "pending": "",
                                    "val": "",
                                  },
                                  "num": 0,
                                  "state": false,
                                  "switch": Switch {
                                    "_state": false,
                                    "column": 3,
                                    "lastChange": 0,
                                    "lastClosed": undefined,
                                    "lastOpened": undefined,
                                    "minOffTime": 150,
                                    "minOnTime": 10,
                                    "name": "center left",
                                    "row": 4,
                                  },
                                },
                                Object {
                                  "bank": [Circular],
                                  "image": Image {
                                    "actual": "greenArrow",
                                    "changeAttempts": 3,
                                    "debounce": 5,
                                    "id": 254,
                                    "lastActualChange": 29561,
                                    "lastPendingChange": 29556,
                                    "lastValChange": 29561,
                                    "name": "iCenter2",
                                    "pending": "greenArrow",
                                    "val": "greenArrow",
                                  },
                                  "num": 1,
                                  "state": true,
                                  "switch": Switch {
                                    "_state": true,
                                    "column": 2,
                                    "lastChange": 29556,
                                    "lastClosed": 29556,
                                    "lastOpened": undefined,
                                    "minOffTime": 150,
                                    "minOnTime": 10,
                                    "name": "center center",
                                    "row": 4,
                                  },
                                },
                                [Circular],
                              ],
                              "tempNodes": Array [],
                            },
                            "image": Image {
                              "actual": "greenArrow",
                              "changeAttempts": 3,
                              "debounce": 5,
                              "id": 255,
                              "lastActualChange": 28127,
                              "lastPendingChange": 28122,
                              "lastValChange": 28127,
                              "name": "iCenter3",
                              "pending": "greenArrow",
                              "val": "greenArrow",
                            },
                            "num": 2,
                            "state": true,
                            "switch": Switch {
                              "_state": true,
                              "column": 1,
                              "lastChange": 28122,
                              "lastClosed": 28122,
                              "lastOpened": undefined,
                              "minOffTime": 150,
                              "minOnTime": 10,
                              "name": "center right",
                              "row": 4,
                            },
                          },
                          "greenArrow",
                        ],
                        Array [
                          Object {
                            "bank": DropBank {
                              "coil": IncreaseSolenoid {
                                "actual": false,
                                "board": Solenoid16 {
                                  "board": 0,
                                },
                                "changeAttempts": 1,
                                "debounce": 5,
                                "fake": [Function],
                                "i": 1,
                                "id": 186,
                                "initial": 60,
                                "lastActualChange": undefined,
                                "lastFired": 29561,
                                "lastPendingChange": 29556,
                                "lastValChange": 29561,
                                "max": 100,
                                "ms": 60,
                                "name": "centerBank",
                                "num": 8,
                                "onFire": [Function],
                                "pending": true,
                                "resetPeriod": 2000,
                                "steps": 3,
                                "timer": Object {
                                  "context": "delayed retry set centerBank to true",
                                  "func": [Function],
                                  "time": 30624,
                                },
                                "val": true,
                                "wait": 1000,
                              },
                              "ended": false,
                              "gPriority": undefined,
                              "lastChildren": Array [],
                              "listeners": Array [
                                Object {
                                  "callback": "onAllDown",
                                  "num": 331,
                                  "predicates": Array [
                                    [Function],
                                  ],
                                  "source": "",
                                },
                                Object {
                                  "callback": "onEnd",
                                  "num": 332,
                                  "predicates": Array [
                                    [Function],
                                  ],
                                  "source": "",
                                },
                                Object {
                                  "callback": "onEnding",
                                  "num": 333,
                                  "predicates": Array [
                                    [Function],
                                  ],
                                  "source": "",
                                },
                                Object {
                                  "callback": "onTargetDown",
                                  "num": 334,
                                  "predicates": Array [
                                    [Function],
                                  ],
                                  "source": "",
                                },
                                Object {
                                  "callback": [Function],
                                  "num": 335,
                                  "predicates": Array [
                                    [Function],
                                    [Function],
                                  ],
                                  "source": "",
                                },
                                Object {
                                  "callback": [Function],
                                  "num": 336,
                                  "predicates": Array [
                                    [Function],
                                  ],
                                  "source": "",
                                },
                              ],
                              "num": 22,
                              "onEnding": [Function],
                              "switches": Array [
                                Switch {
                                  "_state": false,
                                  "column": 3,
                                  "lastChange": 0,
                                  "lastClosed": undefined,
                                  "lastOpened": undefined,
                                  "minOffTime": 150,
                                  "minOnTime": 10,
                                  "name": "center left",
                                  "row": 4,
                                },
                                Switch {
                                  "_state": true,
                                  "column": 2,
                                  "lastChange": 29556,
                                  "lastClosed": 29556,
                                  "lastOpened": undefined,
                                  "minOffTime": 150,
                                  "minOnTime": 10,
                                  "name": "center center",
                                  "row": 4,
                                },
                                Switch {
                                  "_state": true,
                                  "column": 1,
                                  "lastChange": 28122,
                                  "lastClosed": 28122,
                                  "lastOpened": undefined,
                                  "minOffTime": 150,
                                  "minOnTime": 10,
                                  "name": "center right",
                                  "row": 4,
                                },
                              ],
                              "targets": Array [
                                Object {
                                  "bank": [Circular],
                                  "image": Image {
                                    "actual": "",
                                    "changeAttempts": 2,
                                    "debounce": 5,
                                    "id": 253,
                                    "lastActualChange": 29561,
                                    "lastPendingChange": 29556,
                                    "lastValChange": 29561,
                                    "name": "iCenter1",
                                    "pending": "",
                                    "val": "",
                                  },
                                  "num": 0,
                                  "state": false,
                                  "switch": Switch {
                                    "_state": false,
                                    "column": 3,
                                    "lastChange": 0,
                                    "lastClosed": undefined,
                                    "lastOpened": undefined,
                                    "minOffTime": 150,
                                    "minOnTime": 10,
                                    "name": "center left",
                                    "row": 4,
                                  },
                                },
                                [Circular],
                                Object {
                                  "bank": [Circular],
                                  "image": Image {
                                    "actual": "greenArrow",
                                    "changeAttempts": 3,
                                    "debounce": 5,
                                    "id": 255,
                                    "lastActualChange": 28127,
                                    "lastPendingChange": 28122,
                                    "lastValChange": 28127,
                                    "name": "iCenter3",
                                    "pending": "greenArrow",
                                    "val": "greenArrow",
                                  },
                                  "num": 2,
                                  "state": true,
                                  "switch": Switch {
                                    "_state": true,
                                    "column": 1,
                                    "lastChange": 28122,
                                    "lastClosed": 28122,
                                    "lastOpened": undefined,
                                    "minOffTime": 150,
                                    "minOnTime": 10,
                                    "name": "center right",
                                    "row": 4,
                                  },
                                },
                              ],
                              "tempNodes": Array [],
                            },
                            "image": Image {
                              "actual": "greenArrow",
                              "changeAttempts": 3,
                              "debounce": 5,
                              "id": 254,
                              "lastActualChange": 29561,
                              "lastPendingChange": 29556,
                              "lastValChange": 29561,
                              "name": "iCenter2",
                              "pending": "greenArrow",
                              "val": "greenArrow",
                            },
                            "num": 1,
                            "state": true,
                            "switch": Switch {
                              "_state": true,
                              "column": 2,
                              "lastChange": 29556,
                              "lastClosed": 29556,
                              "lastOpened": undefined,
                              "minOffTime": 150,
                              "minOnTime": 10,
                              "name": "center center",
                              "row": 4,
                            },
                          },
                          "greenArrow",
                        ],
                        Array [
                          Object {
                            "bank": DropBank {
                              "coil": IncreaseSolenoid {
                                "actual": false,
                                "board": Solenoid16 {
                                  "board": 2,
                                },
                                "changeAttempts": 0,
                                "debounce": 5,
                                "fake": [Function],
                                "i": 0,
                                "id": 194,
                                "initial": 40,
                                "lastActualChange": undefined,
                                "max": 100,
                                "ms": 40,
                                "name": "upper3",
                                "num": 10,
                                "onFire": [Function],
                                "pending": false,
                                "resetPeriod": 2000,
                                "steps": 3,
                                "val": false,
                                "wait": 1000,
                              },
                              "ended": false,
                              "gPriority": undefined,
                              "lastChildren": Array [],
                              "listeners": Array [
                                Object {
                                  "callback": "onAllDown",
                                  "num": 319,
                                  "predicates": Array [
                                    [Function],
                                  ],
                                  "source": "",
                                },
                                Object {
                                  "callback": "onEnd",
                                  "num": 320,
                                  "predicates": Array [
                                    [Function],
                                  ],
                                  "source": "",
                                },
                                Object {
                                  "callback": "onEnding",
                                  "num": 321,
                                  "predicates": Array [
                                    [Function],
                                  ],
                                  "source": "",
                                },
                                Object {
                                  "callback": "onTargetDown",
                                  "num": 322,
                                  "predicates": Array [
                                    [Function],
                                  ],
                                  "source": "",
                                },
                                Object {
                                  "callback": [Function],
                                  "num": 323,
                                  "predicates": Array [
                                    [Function],
                                    [Function],
                                  ],
                                  "source": "",
                                },
                                Object {
                                  "callback": [Function],
                                  "num": 324,
                                  "predicates": Array [
                                    [Function],
                                  ],
                                  "source": "",
                                },
                              ],
                              "num": 20,
                              "onEnding": [Function],
                              "switches": Array [
                                Switch {
                                  "_state": false,
                                  "column": 2,
                                  "lastChange": 0,
                                  "lastClosed": undefined,
                                  "lastOpened": undefined,
                                  "minOffTime": 150,
                                  "minOnTime": 10,
                                  "name": "upper 3 left",
                                  "row": 5,
                                },
                                Switch {
                                  "_state": false,
                                  "column": 1,
                                  "lastChange": 0,
                                  "lastClosed": undefined,
                                  "lastOpened": undefined,
                                  "minOffTime": 150,
                                  "minOnTime": 10,
                                  "name": "upper 3 center",
                                  "row": 5,
                                },
                                Switch {
                                  "_state": false,
                                  "column": 0,
                                  "lastChange": 0,
                                  "lastClosed": undefined,
                                  "lastOpened": undefined,
                                  "minOffTime": 150,
                                  "minOnTime": 10,
                                  "name": "upper 3 right",
                                  "row": 5,
                                },
                              ],
                              "targets": Array [
                                Object {
                                  "bank": [Circular],
                                  "image": Image {
                                    "actual": "",
                                    "changeAttempts": 2,
                                    "debounce": 5,
                                    "id": 248,
                                    "lastActualChange": 29561,
                                    "lastPendingChange": 29556,
                                    "lastValChange": 29561,
                                    "name": "iUpper31",
                                    "pending": "",
                                    "val": "",
                                  },
                                  "num": 14,
                                  "state": false,
                                  "switch": Switch {
                                    "_state": false,
                                    "column": 2,
                                    "lastChange": 0,
                                    "lastClosed": undefined,
                                    "lastOpened": undefined,
                                    "minOffTime": 150,
                                    "minOnTime": 10,
                                    "name": "upper 3 left",
                                    "row": 5,
                                  },
                                },
                                Object {
                                  "bank": [Circular],
                                  "image": Image {
                                    "actual": "",
                                    "changeAttempts": 2,
                                    "debounce": 5,
                                    "id": 249,
                                    "lastActualChange": 29561,
                                    "lastPendingChange": 29556,
                                    "lastValChange": 29561,
                                    "name": "iUpper32",
                                    "pending": "",
                                    "val": "",
                                  },
                                  "num": 15,
                                  "state": false,
                                  "switch": Switch {
                                    "_state": false,
                                    "column": 1,
                                    "lastChange": 0,
                                    "lastClosed": undefined,
                                    "lastOpened": undefined,
                                    "minOffTime": 150,
                                    "minOnTime": 10,
                                    "name": "upper 3 center",
                                    "row": 5,
                                  },
                                },
                                [Circular],
                              ],
                              "tempNodes": Array [],
                            },
                            "image": Image {
                              "actual": "greenArrow",
                              "changeAttempts": 3,
                              "debounce": 5,
                              "id": 250,
                              "lastActualChange": 29561,
                              "lastPendingChange": 29556,
                              "lastValChange": 29561,
                              "name": "iUpper33",
                              "pending": "greenArrow",
                              "val": "greenArrow",
                            },
                            "num": 16,
                            "state": false,
                            "switch": Switch {
                              "_state": false,
                              "column": 0,
                              "lastChange": 0,
                              "lastClosed": undefined,
                              "lastOpened": undefined,
                              "minOffTime": 150,
                              "minOnTime": 10,
                              "name": "upper 3 right",
                              "row": 5,
                            },
                          },
                          "greenArrow",
                        ],
                        Array [
                          Object {
                            "bank": DropBank {
                              "coil": IncreaseSolenoid {
                                "actual": false,
                                "board": Solenoid16 {
                                  "board": 2,
                                },
                                "changeAttempts": 0,
                                "debounce": 5,
                                "fake": [Function],
                                "i": 0,
                                "id": 193,
                                "initial": 30,
                                "lastActualChange": undefined,
                                "max": 100,
                                "ms": 30,
                                "name": "upper2",
                                "num": 11,
                                "onFire": [Function],
                                "pending": false,
                                "resetPeriod": 2000,
                                "steps": 3,
                                "val": false,
                                "wait": 1000,
                              },
                              "ended": false,
                              "gPriority": undefined,
                              "lastChildren": Array [],
                              "listeners": Array [
                                Object {
                                  "callback": "onAllDown",
                                  "num": 325,
                                  "predicates": Array [
                                    [Function],
                                  ],
                                  "source": "",
                                },
                                Object {
                                  "callback": "onEnd",
                                  "num": 326,
                                  "predicates": Array [
                                    [Function],
                                  ],
                                  "source": "",
                                },
                                Object {
                                  "callback": "onEnding",
                                  "num": 327,
                                  "predicates": Array [
                                    [Function],
                                  ],
                                  "source": "",
                                },
                                Object {
                                  "callback": "onTargetDown",
                                  "num": 328,
                                  "predicates": Array [
                                    [Function],
                                  ],
                                  "source": "",
                                },
                                Object {
                                  "callback": [Function],
                                  "num": 329,
                                  "predicates": Array [
                                    [Function],
                                    [Function],
                                  ],
                                  "source": "",
                                },
                                Object {
                                  "callback": [Function],
                                  "num": 330,
                                  "predicates": Array [
                                    [Function],
                                  ],
                                  "source": "",
                                },
                              ],
                              "num": 21,
                              "onEnding": [Function],
                              "switches": Array [
                                Switch {
                                  "_state": false,
                                  "column": 4,
                                  "lastChange": 0,
                                  "lastClosed": undefined,
                                  "lastOpened": undefined,
                                  "minOffTime": 150,
                                  "minOnTime": 10,
                                  "name": "upper 2 left",
                                  "row": 6,
                                },
                                Switch {
                                  "_state": false,
                                  "column": 3,
                                  "lastChange": 0,
                                  "lastClosed": undefined,
                                  "lastOpened": undefined,
                                  "minOffTime": 150,
                                  "minOnTime": 10,
                                  "name": "upper 2 right",
                                  "row": 6,
                                },
                              ],
                              "targets": Array [
                                Object {
                                  "bank": [Circular],
                                  "image": Image {
                                    "actual": "",
                                    "changeAttempts": 2,
                                    "debounce": 5,
                                    "id": 251,
                                    "lastActualChange": 29561,
                                    "lastPendingChange": 29556,
                                    "lastValChange": 29561,
                                    "name": "iUpper21",
                                    "pending": "",
                                    "val": "",
                                  },
                                  "num": 12,
                                  "state": false,
                                  "switch": Switch {
                                    "_state": false,
                                    "column": 4,
                                    "lastChange": 0,
                                    "lastClosed": undefined,
                                    "lastOpened": undefined,
                                    "minOffTime": 150,
                                    "minOnTime": 10,
                                    "name": "upper 2 left",
                                    "row": 6,
                                  },
                                },
                                [Circular],
                              ],
                              "tempNodes": Array [],
                            },
                            "image": Image {
                              "actual": "greenArrow",
                              "changeAttempts": 3,
                              "debounce": 5,
                              "id": 252,
                              "lastActualChange": 29561,
                              "lastPendingChange": 29556,
                              "lastValChange": 29561,
                              "name": "iUpper22",
                              "pending": "greenArrow",
                              "val": "greenArrow",
                            },
                            "num": 13,
                            "state": false,
                            "switch": Switch {
                              "_state": false,
                              "column": 3,
                              "lastChange": 0,
                              "lastClosed": undefined,
                              "lastOpened": undefined,
                              "minOffTime": 150,
                              "minOnTime": 10,
                              "name": "upper 2 right",
                              "row": 6,
                            },
                          },
                          "greenArrow",
                        ],
                      ],
                    },
                  },
                  Object {
                    "_name": "ResetMechs46",
                    "children": Array [],
                    "name": "ResetMechs46",
                    "ownOuts": Object {
                      "centerBank": true,
                      "leftBank": true,
                    },
                    "state": Object {},
                  },
                ],
                "name": "Poker43",
                "ownOuts": Object {
                  "getSkillshot": [Function],
                  "iCenter1": undefined,
                  "iCenter2": undefined,
                  "iCenter3": undefined,
                  "iLeft1": undefined,
                  "iLeft2": undefined,
                  "iLeft3": undefined,
                  "iLeft4": undefined,
                  "iRight1": undefined,
                  "iRight2": undefined,
                  "iRight3": undefined,
                  "iRight4": undefined,
                  "iRight5": undefined,
                  "iUpper21": undefined,
                  "iUpper22": undefined,
                  "iUpper31": undefined,
                  "iUpper32": undefined,
                  "iUpper33": undefined,
                  "lEjectShowCards": Array [
                    "White",
                  ],
                  "lFold": Array [],
                  "lRampShowCards": Array [
                    "White",
                  ],
                  "lShooterShowCards": Array [
                    "White",
                  ],
                  "lockPost": false,
                  "rampUp": false,
                  "shooterDiverter": true,
                  "upperEject": false,
                },
                "state": Object {
                  "closeShooter": false,
                  "dealerCardsUsed": Array [],
                  "dealerHand": Array [
                    Object {
                      "flipped": true,
                      "num": 1,
                      "suit": "h",
                    },
                    Object {
                      "flipped": true,
                      "num": 9,
                      "suit": "s",
                    },
                    Object {
                      "flipped": false,
                      "num": 1,
                      "suit": "c",
                    },
                    Object {
                      "flipped": false,
                      "num": 3,
                      "suit": "h",
                    },
                    Object {
                      "flipped": false,
                      "num": 4,
                      "suit": "c",
                    },
                    Object {
                      "flipped": false,
                      "num": 9,
                      "suit": "h",
                    },
                    Object {
                      "flipped": true,
                      "num": 5,
                      "suit": "s",
                    },
                  ],
                  "dealerHandDesc": undefined,
                  "foldLit": false,
                  "newMbs": Array [
                    Array [
                      "StraightMb",
                      Array [
                        Object {
                          "num": 7,
                          "suit": "s",
                        },
                        Object {
                          "num": 8,
                          "suit": "c",
                        },
                        Object {
                          "num": 9,
                          "suit": "c",
                        },
                        Object {
                          "num": 10,
                          "suit": "s",
                        },
                        Object {
                          "num": 11,
                          "suit": "s",
                        },
                      ],
                    ],
                  ],
                  "newModes": Array [],
                  "playerCardsUsed": Array [],
                  "playerHand": Array [
                    Object {
                      "num": 7,
                      "suit": "s",
                    },
                    Object {
                      "num": 11,
                      "suit": "s",
                    },
                    Object {
                      "num": 8,
                      "suit": "c",
                    },
                    Object {
                      "num": 9,
                      "suit": "c",
                    },
                    Object {
                      "num": 10,
                      "suit": "s",
                    },
                    Object {
                      "num": 13,
                      "suit": "s",
                    },
                    Object {
                      "num": 13,
                      "suit": "c",
                    },
                  ],
                  "playerHandDesc": "Straight",
                  "playerWins": undefined,
                  "pot": 1400,
                  "slots": Array [
                    Object {
                      "num": 1,
                      "suit": "d",
                    },
                    null,
                    null,
                    null,
                    Object {
                      "num": 1,
                      "suit": "s",
                    },
                    Object {
                      "num": 13,
                      "suit": "h",
                    },
                    Object {
                      "num": 3,
                      "suit": "d",
                    },
                    Object {
                      "num": 13,
                      "suit": "d",
                    },
                    null,
                    null,
                    Object {
                      "num": 11,
                      "suit": "h",
                    },
                    Object {
                      "num": 8,
                      "suit": "s",
                    },
                    Object {
                      "num": 10,
                      "suit": "h",
                    },
                    Object {
                      "num": 12,
                      "suit": "d",
                    },
                    Object {
                      "num": 8,
                      "suit": "d",
                    },
                    Object {
                      "num": 10,
                      "suit": "d",
                    },
                    Object {
                      "num": 12,
                      "suit": "s",
                    },
                  ],
                  "step": 7,
                },
              },
              Object {
                "_name": "PlayerOverrides34",
                "children": Array [],
                "name": "PlayerOverrides34",
                "ownOuts": Object {
                  "kickerEnable": undefined,
                  "leftGate": undefined,
                  "miniFlipperEnable": undefined,
                  "rampUp": undefined,
                  "rightGate": undefined,
                  "shooterDiverter": undefined,
                },
                "state": Object {},
              },
            ],
            "name": "Player30",
            "ownOuts": Object {
              "lEjectStartMode": Array [],
              "lLaneUpper1": Array [
                "Orange",
              ],
              "lLaneUpper2": Array [
                "Orange",
              ],
              "lLaneUpper3": Array [
                "Orange",
              ],
              "lLaneUpper4": Array [
                "Orange",
              ],
              "lMiniReady": Array [
                "Red",
              ],
              "lPopperStatus": Array [
                "Green",
              ],
              "lPower1": Array [
                "Orange",
              ],
              "lPower2": Array [
                "Orange",
              ],
              "lPower3": Array [],
              "lPower4": Array [],
              "lRampMini": Array [
                "Orange",
              ],
              "lRampStartMb": Array [
                Array [
                  "Blue",
                  "fl",
                ],
              ],
              "lShooterStartHand": Array [
                Array [
                  "Green",
                  "fl",
                ],
              ],
              "leftMagnet": false,
              "rampUp": false,
              "shooterDiverter": true,
            },
            "state": Object {
              "_score": 42000,
              "ball": "Ball35",
              "chips": 2,
              "closeShooter": false,
              "focus": "Poker43",
              "laneChips": Array [
                true,
                true,
                true,
                true,
              ],
              "mbsQualified": Array [],
              "miniReady": false,
              "modesQualified": Array [],
              "selectedMb": "StraightMb",
            },
          },
        ],
        "name": "Game29",
        "ownOuts": Object {
          "kickerEnable": true,
        },
        "state": Object {
          "ballNum": 1,
          "playerUp": 0,
          "players": Array [
            "Player30",
          ],
        },
      },
      Object {
        "_name": "MachineOverrides26",
        "children": Array [
          Object {
            "_name": "EosPulse27",
            "children": Array [],
            "name": "EosPulse27",
            "ownOuts": undefined,
            "state": Object {},
          },
        ],
        "name": "MachineOverrides26",
        "ownOuts": Object {
          "leftGate": undefined,
          "lockPost": undefined,
          "miniDiverter": undefined,
          "rampUp": undefined,
          "realRightBank": false,
          "rightGate": undefined,
          "shooterDiverter": undefined,
        },
        "state": Object {},
      },
    ],
    "name": "Machine19",
    "ownOuts": Object {
      "centerBank": false,
      "getSkillshot": undefined,
      "iCenter1": "",
      "iCenter2": "",
      "iCenter3": "",
      "iLeft1": "",
      "iLeft2": "",
      "iLeft3": "",
      "iLeft4": "",
      "iMini1": "",
      "iMini2": "",
      "iMini3": "",
      "iRight1": "",
      "iRight2": "",
      "iRight3": "",
      "iRight4": "",
      "iRight5": "",
      "iSS1": "",
      "iSS2": "",
      "iSS3": "",
      "iSS4": "",
      "iSS5": "",
      "iSS6": "",
      "iSpinner": "",
      "iUpper21": "",
      "iUpper22": "",
      "iUpper31": "",
      "iUpper32": "",
      "iUpper33": "",
      "ignoreSkillsot": Set {},
      "kickerEnable": false,
      "lEjectArrow": Array [],
      "lEjectShowCards": Array [],
      "lEjectStartMode": Array [],
      "lFold": Array [],
      "lLaneUpper1": Array [],
      "lLaneUpper2": Array [],
      "lLaneUpper3": Array [],
      "lLaneUpper4": Array [],
      "lLeftArrow": Array [],
      "lLowerRamp": Array [],
      "lMagnet1": Array [
        "Green",
      ],
      "lMagnet2": Array [
        "Green",
      ],
      "lMagnet3": Array [],
      "lMagnet4": Array [],
      "lMainTargetArrow": Array [],
      "lMiniReady": Array [
        "Red",
      ],
      "lPopperStatus": Array [],
      "lPower1": Array [],
      "lPower2": Array [],
      "lPower3": Array [],
      "lPower4": Array [],
      "lRampArrow": Array [],
      "lRampMini": Array [],
      "lRampShowCards": Array [],
      "lRampStartMb": Array [],
      "lShootAgain": Array [],
      "lShooterLaneArrow": Array [],
      "lShooterShowCards": Array [],
      "lShooterStartHand": Array [],
      "lSideShotArrow": Array [],
      "lSideTargetArrow": Array [],
      "lSpinnerArrow": Array [],
      "lUpperLaneArrow": Array [],
      "lUpperTargetArrow": Array [],
      "leftBank": false,
      "leftGate": false,
      "leftMagnet": false,
      "lockPost": false,
      "magnetPost": false,
      "miniBank": false,
      "miniDiverter": false,
      "miniEject": false,
      "miniFlipperEnable": false,
      "outhole": false,
      "popper": false,
      "rampUp": false,
      "realRightBank": false,
      "right1": false,
      "right2": false,
      "right3": false,
      "right4": false,
      "right5": false,
      "rightBank": false,
      "rightGate": false,
      "shooterDiverter": false,
      "spinnerValue": undefined,
      "troughRelease": false,
      "upper2": false,
      "upper3": false,
      "upperEject": false,
      "upperMagnet": false,
    },
    "state": Object {
      "ballsInTrough": 3,
      "ballsLocked": 0,
      "game": "Game29",
      "lastSwitchHit": Switch {
        "_state": true,
        "column": 3,
        "lastChange": 30053,
        "lastClosed": 30053,
        "lastOpened": undefined,
        "minOffTime": 150,
        "minOnTime": 10,
        "name": "right 3",
        "row": 2,
      },
      "lockDown": false,
      "miniDown": false,
    },
  },
}
`;
